{
  "request": {
    "model": "models/gemini-1.5-flash",
    "contents": [
      {
        "parts": [
          {
            "text": "This is a dummy request for generation."
          }
        ]
      }
    ]
  },
  "response": {
    "candidates": [
      {
        "content": {
          "parts": [
            {
              "text": "This is a dummy generated response."
            }
          ],
          "role": "model"
        }
      }
    ]
  },
  "_comment": "DUMMY - replace by running scripts/record_golden_fixtures.py"
}