{
  "request": {
    "model": "models/embedding-001",
    "content": {
      "parts": [
        {
          "text": "This is a dummy request."
        }
      ]
    }
  },
  "response": {
    "embedding": [
      0.01, 0.02, 0.03, 0.04, 0.05
    ]
  },
  "_comment": "DUMMY - replace by running scripts/record_golden_fixtures.py"
}